exports[`test renders Pagination correctly 1`] = `
<div
  className={undefined}>
  <div
    className={undefined}>
    Showing 1 to 50 of 229 entries.
  </div>
  <div
    className={undefined}>
    <div
      className={undefined}>
      <div
        className="gt_page prev"
        data-from={200}
        onClick={undefined}>
        Previous
      </div>
      <div
        className="gt_page selected"
        data-from={0}
        onClick={undefined}>
        1
      </div>
      <div
        className="gt_page"
        data-from={50}
        onClick={undefined}>
        2
      </div>
      <div
        className="gt_page"
        data-from={100}
        onClick={undefined}>
        3
      </div>
      <div
        className="gt_page"
        data-from={150}
        onClick={undefined}>
        4
      </div>
      <div
        className="gt_page"
        data-from={200}
        onClick={undefined}>
        5
      </div>
      <div
        className="gt_page next"
        data-from={50}
        onClick={undefined}>
        Next
      </div>
    </div>
  </div>
  <div
    className={undefined} />
</div>
`;
